[backblue.gif]
[fade.gif]
[index.html]
[www.datasavantconsulting.com/roland/Roland1.jpg]
[www.datasavantconsulting.com/roland/Logo_25gry.gif]
[www.datasavantconsulting.com/roland/Spectre/utilmacros/rsubmitter.sas]
[www.statcounter.com/counter/counter.js]
[www.datasavantconsulting.com/roland/index.html]
[www.datasavantconsulting.com/roland/Spectre/unistats.pps]
[www.datasavantconsulting.com/roland/Spectre/index.html]
[www.datasavantconsulting.com/roland/Spectre/clinmacros/unistats.sas]
[www.datasavantconsulting.com/roland/Spectre/clinmacros/npcttab.sas]
[www.datasavantconsulting.com/roland/Spectre/clinmacros/aetab.sas]
[www.datasavantconsulting.com/roland/Spectre/clinmacros/unipvals.sas]
[www.datasavantconsulting.com/roland/Spectre/clinmacros/unicatrep.sas]
[www.datasavantconsulting.com/roland/Spectre/clinmacros/trnslvls.sas]
[www.datasavantconsulting.com/roland/Spectre/clinmacros/rgpp.sas]
[www.datasavantconsulting.com/roland/Spectre/clinmacros/prntlvls.sas]
[www.datasavantconsulting.com/roland/Spectre/clinmacros/npctpvals.sas]
[www.datasavantconsulting.com/roland/Spectre/clinmacros/freqlvls.sas]
[www.datasavantconsulting.com/roland/Spectre/clinmacros/comblvls.sas]
[www.datasavantconsulting.com/roland/Spectre/clinmacros/blflagdtcm1.sas]
[www.datasavantconsulting.com/roland/Spectre/clinmacros/popfmt.sas]
[www.datasavantconsulting.com/roland/Spectre/clinmacros/blflag.sas]
[www.datasavantconsulting.com/roland/Spectre/clinmacros/unistatlabel.sas]
[www.datasavantconsulting.com/roland/Spectre/clinmacros/unicat2word.sas]
[www.datasavantconsulting.com/roland/Spectre/clinmacros/unimap.sas]
[www.datasavantconsulting.com/roland/Spectre/clinmacros/nodata.sas]
[www.datasavantconsulting.com/roland/Spectre/clinmacros/locf.sas]
[www.datasavantconsulting.com/roland/Spectre/clinmacros/dosemerge.sas]
[www.datasavantconsulting.com/roland/Spectre/clinmacros/labncfb.sas]
[www.datasavantconsulting.com/roland/Spectre/clinmacros/allocw.sas]
[www.datasavantconsulting.com/roland/Spectre/clinmacros/allocr.sas]
[www.datasavantconsulting.com/roland/Spectre/utilmacros/stdtc.sas]
[www.datasavantconsulting.com/roland/Spectre/utilmacros/revfmt.sas]
[www.datasavantconsulting.com/roland/Spectre/utilmacros/dropstartwordsm.sas]
[www.datasavantconsulting.com/roland/Spectre/utilmacros/dropstartwords.sas]
[www.datasavantconsulting.com/roland/Spectre/utilmacros/num2char.sas]
[www.datasavantconsulting.com/roland/Spectre/utilmacros/samplevars.sas]
[www.datasavantconsulting.com/roland/Spectre/utilmacros/char2num.sas]
[www.datasavantconsulting.com/roland/Spectre/utilmacros/numchars.sas]
[www.datasavantconsulting.com/roland/Spectre/utilmacros/cont2dict.sas]
[www.datasavantconsulting.com/roland/Spectre/utilmacros/xlsheets.sas]
[www.datasavantconsulting.com/roland/Spectre/utilmacros/xlblocks.sas]
[www.datasavantconsulting.com/roland/Spectre/utilmacros/xl2sas.sas]
[www.datasavantconsulting.com/roland/Spectre/utilmacros/printit.sas]
[www.datasavantconsulting.com/roland/Spectre/utilmacros/dlm2sas.sas]
[www.datasavantconsulting.com/roland/Spectre/utilmacros/mksharemac.sas]
[www.datasavantconsulting.com/roland/Spectre/utilmacros/fencoding.sas]
[www.datasavantconsulting.com/roland/Spectre/utilmacros/mkdir.sas]
[www.datasavantconsulting.com/roland/Spectre/utilmacros/combpath.sas]
[www.datasavantconsulting.com/roland/Spectre/utilmacros/commaparms.sas]
[www.datasavantconsulting.com/roland/Spectre/utilmacros/commaparmsu.sas]
[www.datasavantconsulting.com/roland/Spectre/utilmacros/look4lwork.sas]
[www.datasavantconsulting.com/roland/Spectre/utilmacros/mysasautos.sas]
[www.datasavantconsulting.com/roland/Spectre/utilmacros/dq2sq.sas]
[www.datasavantconsulting.com/roland/Spectre/utilmacros/nocommas.sas]
[www.datasavantconsulting.com/roland/Spectre/utilmacros/dq2sqnc.sas]
[www.datasavantconsulting.com/roland/Spectre/utilmacros/therest.sas]
[www.datasavantconsulting.com/roland/Spectre/utilmacros/allafter.sas]
[www.datasavantconsulting.com/roland/Spectre/utilmacros/allafterc.sas]
[www.datasavantconsulting.com/roland/Spectre/utilmacros/makehash.sas]
[www.datasavantconsulting.com/roland/Spectre/utilmacros/varlens.sas]
[www.datasavantconsulting.com/roland/Spectre/utilmacros/varlist.sas]
[www.datasavantconsulting.com/roland/Spectre/utilmacros/cvarlens.sas]
[www.datasavantconsulting.com/roland/Spectre/utilmacros/findinhash.sas]
[www.datasavantconsulting.com/roland/Spectre/utilmacros/lslist2sas.sas]
[www.datasavantconsulting.com/roland/Spectre/utilmacros/rcmd2sas.sas]
[www.datasavantconsulting.com/roland/Spectre/utilmacros/env2sas.sas]
[www.datasavantconsulting.com/roland/Spectre/utilmacros/dir2ds.sas]
[www.datasavantconsulting.com/roland/Spectre/utilmacros/dirfp2ds.sas]
[www.datasavantconsulting.com/roland/Spectre/utilmacros/env2sasw7.sas]
[www.datasavantconsulting.com/roland/Spectre/utilmacros/ls2ds.sas]
[www.datasavantconsulting.com/roland/Spectre/utilmacros/lsfp2ds.sas]
[www.datasavantconsulting.com/roland/Spectre/utilmacros/lslist2ds.sas]
[www.datasavantconsulting.com/roland/Spectre/utilmacros/cmd2sas.sas]
[www.datasavantconsulting.com/roland/Spectre/utilmacros/ds2tabdlm.sas]
[www.datasavantconsulting.com/roland/Spectre/utilmacros/cmd2ds.sas]
[www.datasavantconsulting.com/roland/Spectre/utilmacros/rcmd2ds.sas]
[www.datasavantconsulting.com/roland/Spectre/utilmacros/fixiso8601.sas]
[www.datasavantconsulting.com/roland/Spectre/utilmacros/scanlog.sas]
[www.datasavantconsulting.com/roland/Spectre/utilmacros/getvaluems.sas]
[www.datasavantconsulting.com/roland/Spectre/utilmacros/lscmd.sas]
[www.datasavantconsulting.com/roland/Spectre/utilmacros/getfmts.sas]
[www.datasavantconsulting.com/roland/Spectre/utilmacros/views2data.sas]
[www.datasavantconsulting.com/roland/Spectre/utilmacros/match.sas]
[www.datasavantconsulting.com/roland/Spectre/utilmacros/hasvarsc.sas]
[www.datasavantconsulting.com/roland/Spectre/utilmacros/hasvarsn.sas]
[www.datasavantconsulting.com/roland/Spectre/utilmacros/mkformat.sas]
[www.datasavantconsulting.com/roland/Spectre/utilmacros/combine.sas]
[www.datasavantconsulting.com/roland/Spectre/utilmacros/dropmodifmac.sas]
[www.datasavantconsulting.com/roland/Spectre/utilmacros/dropmodifiers.sas]
[www.datasavantconsulting.com/roland/Spectre/utilmacros/dsplit.sas]
[www.datasavantconsulting.com/roland/Spectre/utilmacros/termstr.sas]
[www.datasavantconsulting.com/roland/Spectre/utilmacros/hexchars.sas]
[www.datasavantconsulting.com/roland/Spectre/utilmacros/sqlsamevars.sas]
[www.datasavantconsulting.com/roland/Spectre/utilmacros/samevars.sas]
[www.datasavantconsulting.com/roland/Spectre/utilmacros/dir2sas.sas]
[www.datasavantconsulting.com/roland/Spectre/utilmacros/dir.sas]
[www.datasavantconsulting.com/roland/Spectre/utilmacros/dirfpq.sas]
[www.datasavantconsulting.com/roland/Spectre/utilmacros/dirfp2sas.sas]
[www.datasavantconsulting.com/roland/Spectre/utilmacros/lsfp2sas.sas]
[www.datasavantconsulting.com/roland/Spectre/utilmacros/ls2sas.sas]
[www.datasavantconsulting.com/roland/Spectre/utilmacros/unfmt2mvar.sas]
[www.datasavantconsulting.com/roland/Spectre/utilmacros/dropend.sas]
[www.datasavantconsulting.com/roland/Spectre/utilmacros/misscnt.sas]
[www.datasavantconsulting.com/roland/Spectre/utilmacros/optvarlen.sas]
[www.datasavantconsulting.com/roland/Spectre/utilmacros/dsattr.sas]
[www.datasavantconsulting.com/roland/Spectre/utilmacros/lstattrib.sas]
[www.datasavantconsulting.com/roland/Spectre/utilmacros/optlength.sas]
[www.datasavantconsulting.com/roland/Spectre/utilmacros/sep2sp.sas]
[www.datasavantconsulting.com/roland/Spectre/utilmacros/scandlm.sas]
[www.datasavantconsulting.com/roland/Spectre/utilmacros/now.sas]
[www.datasavantconsulting.com/roland/Spectre/utilmacros/capmac.sas]
[www.datasavantconsulting.com/roland/Spectre/utilmacros/words.sas]
[www.datasavantconsulting.com/roland/Spectre/utilmacros/isotimepart.sas]
[www.datasavantconsulting.com/roland/Spectre/utilmacros/isodatepart.sas]
[www.datasavantconsulting.com/roland/Spectre/utilmacros/isodttm.sas]
[www.datasavantconsulting.com/roland/Spectre/utilmacros/isoformats.sas]
[www.datasavantconsulting.com/roland/Spectre/utilmacros/removew.sas]
[www.datasavantconsulting.com/roland/Spectre/utilmacros/vars2num.sas]
[www.datasavantconsulting.com/roland/Spectre/utilmacros/int2num.sas]
[www.datasavantconsulting.com/roland/Spectre/utilmacros/editlist.sas]
[www.datasavantconsulting.com/roland/Spectre/utilmacros/superql.sas]
[www.datasavantconsulting.com/roland/Spectre/utilmacros/getvalueq.sas]
[www.datasavantconsulting.com/roland/Spectre/utilmacros/getvalue.sas]
[www.datasavantconsulting.com/roland/Spectre/utilmacros/sep2u.sas]
[www.datasavantconsulting.com/roland/Spectre/utilmacros/worddate.sas]
[www.datasavantconsulting.com/roland/Spectre/utilmacros/worddateu.sas]
[www.datasavantconsulting.com/roland/Spectre/utilmacros/appmvar.sas]
[www.datasavantconsulting.com/roland/Spectre/utilmacros/sas2xpt.sas]
[www.datasavantconsulting.com/roland/Spectre/utilmacros/delmac.sas]
[www.datasavantconsulting.com/roland/Spectre/utilmacros/ksplitvar.sas]
[www.datasavantconsulting.com/roland/Spectre/utilmacros/splitvar.sas]
[www.datasavantconsulting.com/roland/Spectre/utilmacros/comma2andmac.sas]
[www.datasavantconsulting.com/roland/Spectre/utilmacros/comma2andvar.sas]
[www.datasavantconsulting.com/roland/Spectre/utilmacros/adjfmt.sas]
[www.datasavantconsulting.com/roland/Spectre/utilmacros/lstlbls.sas]
[www.datasavantconsulting.com/roland/Spectre/utilmacros/missvars.sas]
[www.datasavantconsulting.com/roland/Spectre/utilmacros/qdequote.sas]
[www.datasavantconsulting.com/roland/Spectre/utilmacros/dosfdasize.sas]
[www.datasavantconsulting.com/roland/Spectre/utilmacros/dosfilesize.sas]
[www.datasavantconsulting.com/roland/Spectre/utilmacros/compvars.sas]
[www.datasavantconsulting.com/roland/Spectre/utilmacros/clashlibs.sas]
[www.datasavantconsulting.com/roland/Spectre/utilmacros/clashvars.sas]
[www.datasavantconsulting.com/roland/Spectre/utilmacros/mkordinfmt.sas]
[www.datasavantconsulting.com/roland/Spectre/utilmacros/sas2tabdlm.sas]
[www.datasavantconsulting.com/roland/Spectre/utilmacros/qreadpipe.sas]
[www.datasavantconsulting.com/roland/Spectre/utilmacros/qcompress.sas]
[www.datasavantconsulting.com/roland/Spectre/utilmacros/scanfile.sas]
[www.datasavantconsulting.com/roland/Spectre/utilmacros/gettitles.sas]
[www.datasavantconsulting.com/roland/Spectre/utilmacros/var2mvar.sas]
[www.datasavantconsulting.com/roland/Spectre/utilmacros/md5sum.sas]
[www.datasavantconsulting.com/roland/Spectre/utilmacros/rcmd2log.sas]
[www.datasavantconsulting.com/roland/Spectre/utilmacros/rcmd2mvar.sas]
[www.datasavantconsulting.com/roland/Spectre/utilmacros/killsas.sas]
[www.datasavantconsulting.com/roland/Spectre/utilmacros/killsess.sas]
[www.datasavantconsulting.com/roland/Spectre/utilmacros/env2dsw7.sas]
[www.datasavantconsulting.com/roland/Spectre/utilmacros/env2ds.sas]
[www.datasavantconsulting.com/roland/Spectre/utilmacros/lsfpq.sas]
[www.datasavantconsulting.com/roland/Spectre/utilmacros/savopts.sas]
[www.datasavantconsulting.com/roland/Spectre/utilmacros/rinclude.sas]
[www.datasavantconsulting.com/roland/Spectre/utilmacros/prefix.sas]
[www.datasavantconsulting.com/roland/Spectre/utilmacros/suffix.sas]
[www.datasavantconsulting.com/roland/Spectre/utilmacros/doallitem.sas]
[www.datasavantconsulting.com/roland/Spectre/utilmacros/checkv6.sas]
[www.datasavantconsulting.com/roland/Spectre/utilmacros/fixvars.sas]
[www.datasavantconsulting.com/roland/Spectre/utilmacros/dsattrib.sas]
[www.datasavantconsulting.com/roland/Spectre/utilmacros/complibs.sas]
[www.datasavantconsulting.com/roland/Spectre/utilmacros/v_macros.sas]
[www.datasavantconsulting.com/roland/Spectre/utilmacros/splitmac.sas]
[www.datasavantconsulting.com/roland/Spectre/utilmacros/nobs.sas]
[www.datasavantconsulting.com/roland/Spectre/utilmacros/dequote.sas]
[www.datasavantconsulting.com/roland/Spectre/utilmacros/fixnames.sas]
[www.datasavantconsulting.com/roland/Spectre/utilmacros/vwlist.sas]
[www.datasavantconsulting.com/roland/Spectre/utilmacros/liblist.sas]
[www.datasavantconsulting.com/roland/Spectre/utilmacros/qdosfileinfo.sas]
[www.datasavantconsulting.com/roland/Spectre/utilmacros/qgetenv.sas]
[www.datasavantconsulting.com/roland/Spectre/utilmacros/mvarlist.sas]
[www.datasavantconsulting.com/roland/Spectre/utilmacros/mvarvalues.sas]
[www.datasavantconsulting.com/roland/Spectre/utilmacros/globlist.sas]
[www.datasavantconsulting.com/roland/Spectre/utilmacros/agedec.sas]
[www.datasavantconsulting.com/roland/Spectre/utilmacros/age.sas]
[www.datasavantconsulting.com/roland/Spectre/utilmacros/after.sas]
[www.datasavantconsulting.com/roland/Spectre/utilmacros/adddecodevars.sas]
[www.datasavantconsulting.com/roland/Spectre/utilmacros/addautos.sas]
[www.datasavantconsulting.com/roland/Spectre/utilmacros/rannomac.sas]
[www.datasavantconsulting.com/roland/Spectre/utilmacros/nodupkey.sas]
[www.datasavantconsulting.com/roland/Spectre/utilmacros/yrcutoff.sas]
[www.datasavantconsulting.com/roland/Spectre/utilmacros/ltgtm1.sas]
[www.datasavantconsulting.com/roland/Spectre/utilmacros/partialdates.sas]
[www.datasavantconsulting.com/roland/Spectre/utilmacros/mtype.sas]
[www.datasavantconsulting.com/roland/Spectre/utilmacros/quotelst.sas]
[www.datasavantconsulting.com/roland/Spectre/utilmacros/nlobs.sas]
[www.datasavantconsulting.com/roland/Spectre/utilmacros/attrc.sas]
[www.datasavantconsulting.com/roland/Spectre/utilmacros/attrv.sas]
[www.datasavantconsulting.com/roland/Spectre/utilmacros/attrn.sas]
[www.datasavantconsulting.com/roland/Spectre/utilmacros/aligndp.sas]
[www.datasavantconsulting.com/roland/Spectre/utilmacros/sysfmtlist.sas]
[www.datasavantconsulting.com/roland/Spectre/utilmacros/varinfmt.sas]
[www.datasavantconsulting.com/roland/Spectre/utilmacros/readfile.sas]
[www.datasavantconsulting.com/roland/Spectre/utilmacros/putvars.sas]
[www.datasavantconsulting.com/roland/Spectre/utilmacros/nodup.sas]
[www.datasavantconsulting.com/roland/Spectre/utilmacros/modte.sas]
[www.datasavantconsulting.com/roland/Spectre/utilmacros/globexist.sas]
[www.datasavantconsulting.com/roland/Spectre/utilmacros/fmts2fda.sas]
[www.datasavantconsulting.com/roland/Spectre/utilmacros/equals.sas]
[www.datasavantconsulting.com/roland/Spectre/utilmacros/duplvars.sas]
[www.datasavantconsulting.com/roland/Spectre/utilmacros/dtscale.sas]
[www.datasavantconsulting.com/roland/Spectre/utilmacros/dslabel.sas]
[www.datasavantconsulting.com/roland/Spectre/utilmacros/crdte.sas]
[www.datasavantconsulting.com/roland/Spectre/utilmacros/alluniq.sas]
[www.datasavantconsulting.com/roland/Spectre/utilmacros/windex.sas]
[www.datasavantconsulting.com/roland/Spectre/utilmacros/verifyb.sas]
[www.datasavantconsulting.com/roland/Spectre/utilmacros/vartype.sas]
[www.datasavantconsulting.com/roland/Spectre/utilmacros/varnum.sas]
[www.datasavantconsulting.com/roland/Spectre/utilmacros/varlistn.sas]
[www.datasavantconsulting.com/roland/Spectre/utilmacros/varlen.sas]
[www.datasavantconsulting.com/roland/Spectre/utilmacros/varlistc.sas]
[www.datasavantconsulting.com/roland/Spectre/utilmacros/varlabel.sas]
[www.datasavantconsulting.com/roland/Spectre/utilmacros/varfmt.sas]
[www.datasavantconsulting.com/roland/Spectre/utilmacros/substrw.sas]
[www.datasavantconsulting.com/roland/Spectre/utilmacros/sortedby.sas]
[www.datasavantconsulting.com/roland/Spectre/utilmacros/rxmatch.sas]
[www.datasavantconsulting.com/roland/Spectre/utilmacros/remove.sas]
[www.datasavantconsulting.com/roland/Spectre/utilmacros/quotescan.sas]
[www.datasavantconsulting.com/roland/Spectre/utilmacros/quotecnt.sas]
[www.datasavantconsulting.com/roland/Spectre/utilmacros/nvarsn.sas]
[www.datasavantconsulting.com/roland/Spectre/utilmacros/nvarsc.sas]
[www.datasavantconsulting.com/roland/Spectre/utilmacros/nvars.sas]
[www.datasavantconsulting.com/roland/Spectre/utilmacros/noquotes.sas]
[www.datasavantconsulting.com/roland/Spectre/utilmacros/maxtitle.sas]
[www.datasavantconsulting.com/roland/Spectre/utilmacros/latitle.sas]
[www.datasavantconsulting.com/roland/Spectre/utilmacros/lafootnote.sas]
[www.datasavantconsulting.com/roland/Spectre/utilmacros/hasvars.sas]
[www.datasavantconsulting.com/roland/Spectre/utilmacros/eqsuff.sas]
[www.datasavantconsulting.com/roland/Spectre/utilmacros/endwith.sas]
[www.datasavantconsulting.com/roland/Spectre/utilmacros/commas.sas]
[www.datasavantconsulting.com/roland/Spectre/utilmacros/chompw.sas]
[www.datasavantconsulting.com/roland/Spectre/utilmacros/casestrvar.sas]
[www.datasavantconsulting.com/roland/Spectre/utilmacros/casestrmac.sas]
[www.datasavantconsulting.com/roland/Spectre/utilmacros/capvar.sas]
[www.datasavantconsulting.com/roland/Spectre/utilmacros/lcralign.sas]
[www.datasavantconsulting.com/roland/Spectre/utilmacros/bydrop.sas]
[www.datasavantconsulting.com/roland/Spectre/utilmacros/clength.sas]
[www.datasavantconsulting.com/roland/Spectre/utilmacros/delhex.sas]
[www.datasavantconsulting.com/roland/Spectre/utilmacros/delzero.sas]
[www.datasavantconsulting.com/roland/Spectre/utilmacros/dropvars.sas]
[www.datasavantconsulting.com/roland/Spectre/utilmacros/ljustify.sas]
[www.datasavantconsulting.com/roland/Spectre/utilmacros/lrafootnote.sas]
[www.datasavantconsulting.com/roland/Spectre/utilmacros/lratitle.sas]
[www.datasavantconsulting.com/roland/Spectre/utilmacros/printall.sas]
[www.datasavantconsulting.com/roland/Spectre/utilmacros/rafootnote.sas]
[www.datasavantconsulting.com/roland/Spectre/utilmacros/ratitle.sas]
[www.datasavantconsulting.com/roland/Spectre/utilmacros/replhex.sas]
[www.datasavantconsulting.com/roland/Spectre/utilmacros/round.sas]
[www.datasavantconsulting.com/roland/Spectre/utilmacros/vaxis.sas]
[www.datasavantconsulting.com/roland/Spectre/utilmacros/zerogrid.sas]
[www.datasavantconsulting.com/roland/Spectre/utilmacros/titlelen.sas]
[www.datasavantconsulting.com/roland/Spectre/utilmacros/supasort.sas]
[www.datasavantconsulting.com/roland/Spectre/utilmacros/showhex.sas]
[www.datasavantconsulting.com/roland/Spectre/utilmacros/lookahead.sas]
[www.datasavantconsulting.com/roland/Spectre/utilmacros/hexcnt.sas]
[www.datasavantconsulting.com/roland/Spectre/utilmacros/fmtord.sas]
[www.datasavantconsulting.com/roland/Spectre/utilmacros/flatten.sas]
[www.datasavantconsulting.com/roland/Spectre/utilmacros/dslist.sas]
[www.datasavantconsulting.com/roland/Spectre/utilmacros/dsall.sas]
[www.datasavantconsulting.com/roland/Spectre/utilmacros/chkuniq.sas]
[www.datasavantconsulting.com/roland/Spectre/utilmacros/bytitle.sas]
[www.datasavantconsulting.com/roland/Spectre/utilmacros/fmtpath.sas]
[www.datasavantconsulting.com/roland/Spectre/utilmacros/allfmtvals.sas]
[www.datasavantconsulting.com/roland/Spectre/utilmacros/delifexist.sas]
[www.datasavantconsulting.com/roland/Spectre/utilmacros/rename8.sas]
[www.datasavantconsulting.com/roland/Spectre/utilmacros/xpt2sas.sas]
[www.datasavantconsulting.com/roland/Spectre/utilmacros/prxnames.sas]
[www.datasavantconsulting.com/roland/Spectre/utilmacros/datanulldemo.sas]
[www.datasavantconsulting.com/roland/Spectre/sysmacros/xytitles.sas]
[www.datasavantconsulting.com/roland/Spectre/sysmacros/titles.sas]
[www.datasavantconsulting.com/roland/Spectre/sysmacros/titlegen.sas]
[www.datasavantconsulting.com/roland/Spectre/sysmacros/protinfo.sas]
[www.datasavantconsulting.com/roland/Spectre/sysmacros/proginfo.sas]
[www.datasavantconsulting.com/roland/Spectre/sysmacros/pagexofy.sas]
[www.datasavantconsulting.com/roland/Spectre/sysmacros/closerep.sas]
[www.datasavantconsulting.com/roland/Spectre/sysmacros/openrep.sas]
[www.datasavantconsulting.com/roland/Spectre/sysmacros/layout2lsps.sas]
[www.datasavantconsulting.com/roland/Spectre/sysmacros/jobinfo.sas]
[www.datasavantconsulting.com/roland/Spectre/sysmacros/ctitlepgmrk.sas]
[www.datasavantconsulting.com/roland/Spectre/sysmacros/crtitlesds.sas]
[www.datasavantconsulting.com/roland/Spectre/sysmacros/crprotds.sas]
[www.datasavantconsulting.com/roland/Spectre/sysmacros/allocw.sas]
[www.datasavantconsulting.com/roland/Spectre/sysmacros/allocr.sas]
[www.datasavantconsulting.com/roland/Spectre/sysmacros/autoexec.sas]
[www.datasavantconsulting.com/roland/Spectre/scripts/quotelst]
[www.datasavantconsulting.com/roland/Spectre/scripts/alltitles]
[www.datasavantconsulting.com/roland/Spectre/scripts/prefix]
[www.datasavantconsulting.com/roland/Spectre/scripts/lisremap_win]
[www.datasavantconsulting.com/roland/Spectre/scripts/crtitlesds_win]
[www.datasavantconsulting.com/roland/Spectre/scripts/crtitlesds]
[www.datasavantconsulting.com/roland/Spectre/scripts/lisremap]
[www.datasavantconsulting.com/roland/Spectre/scripts/crtitlestmpl]
[www.datasavantconsulting.com/roland/Spectre/scripts/makexrun]
[www.datasavantconsulting.com/roland/Spectre/scripts/makerun]
[www.datasavantconsulting.com/roland/Spectre/scripts/makemyrun]
[www.datasavantconsulting.com/roland/Spectre/scripts/showtitles]
[www.datasavantconsulting.com/roland/Spectre/scripts/showtitles_win]
[www.datasavantconsulting.com/roland/Spectre/scripts/intitlis_win]
[www.datasavantconsulting.com/roland/Spectre/scripts/intitlis]
[www.datasavantconsulting.com/roland/Spectre/scripts/bigxps]
[www.datasavantconsulting.com/roland/Spectre/scripts/bigxlis]
[www.datasavantconsulting.com/roland/Spectre/scripts/crprottmpl]
[www.datasavantconsulting.com/roland/Spectre/scripts/pagexofy]
[www.datasavantconsulting.com/roland/Spectre/scripts/showme]
[www.datasavantconsulting.com/roland/Spectre/scripts/titles]
[www.datasavantconsulting.com/roland/Spectre/scripts/olis]
[www.datasavantconsulting.com/roland/Spectre/scripts/opgm]
[www.datasavantconsulting.com/roland/Spectre/scripts/log]
[www.datasavantconsulting.com/roland/Spectre/scripts/lst]
[www.datasavantconsulting.com/roland/Spectre/scripts/otitles]
[www.datasavantconsulting.com/roland/Spectre/scripts/lis]
[www.datasavantconsulting.com/roland/Spectre/scripts/myrepchk]
[www.datasavantconsulting.com/roland/Spectre/scripts/myderchk]
[www.datasavantconsulting.com/roland/Spectre/scripts/pgm]
[www.datasavantconsulting.com/roland/Spectre/scripts/showprot_win]
[www.datasavantconsulting.com/roland/Spectre/scripts/showprot]
[www.datasavantconsulting.com/roland/Spectre/scripts/getfields]
[www.datasavantconsulting.com/roland/Spectre/scripts/mybadprot]
[www.datasavantconsulting.com/roland/Spectre/scripts/badprot]
[www.datasavantconsulting.com/roland/Spectre/scripts/hdr]
[www.datasavantconsulting.com/roland/Spectre/scripts/ohdr]
[www.datasavantconsulting.com/roland/Spectre/scripts/lmhdr]
[www.datasavantconsulting.com/roland/Spectre/scripts/lis2ps]
[www.datasavantconsulting.com/roland/Spectre/scripts/intitlesds_win]
[www.datasavantconsulting.com/roland/Spectre/scripts/intitlesds]
[www.datasavantconsulting.com/roland/Spectre/scripts/intitlabels_win]
[www.datasavantconsulting.com/roland/Spectre/scripts/intitlabels]
[www.datasavantconsulting.com/roland/Spectre/scripts/getlayout_win]
[www.datasavantconsulting.com/roland/Spectre/scripts/getlayout]
[www.datasavantconsulting.com/roland/Spectre/scripts/checktitles_win]
[www.datasavantconsulting.com/roland/Spectre/scripts/checktitles]
[www.datasavantconsulting.com/roland/Spectre/scripts/testemail]
[www.datasavantconsulting.com/roland/Spectre/scripts/donepages]
[www.datasavantconsulting.com/roland/Spectre/scripts/getlsps]
[www.datasavantconsulting.com/roland/Spectre/scripts/showfmt_win]
[www.datasavantconsulting.com/roland/Spectre/scripts/showfmt]
[www.datasavantconsulting.com/roland/Spectre/scripts/showfmts_win]
[www.datasavantconsulting.com/roland/Spectre/scripts/layout2lsps]
[www.datasavantconsulting.com/roland/Spectre/scripts/userfmts_win]
[www.datasavantconsulting.com/roland/Spectre/scripts/userfmts]
[www.datasavantconsulting.com/roland/Spectre/scripts/showfmts]
[www.datasavantconsulting.com/roland/Spectre/scripts/missvars_win]
[www.datasavantconsulting.com/roland/Spectre/scripts/missvars]
[www.datasavantconsulting.com/roland/Spectre/scripts/misscnt_win]
[www.datasavantconsulting.com/roland/Spectre/scripts/misscnt]
[www.datasavantconsulting.com/roland/Spectre/scripts/linesize_win]
[www.datasavantconsulting.com/roland/Spectre/scripts/linesize]
[www.datasavantconsulting.com/roland/Spectre/scripts/hexcnt]
[www.datasavantconsulting.com/roland/Spectre/scripts/getname]
[www.datasavantconsulting.com/roland/Spectre/scripts/mhdr]
[www.datasavantconsulting.com/roland/Spectre/scripts/dirtree]
[www.datasavantconsulting.com/roland/Spectre/scripts/scanlogs]
[www.datasavantconsulting.com/roland/Spectre/scripts/sasb]
[www.datasavantconsulting.com/roland/Spectre/scripts/showlfmt_win]
[www.datasavantconsulting.com/roland/Spectre/scripts/showlfmts_win]
[www.datasavantconsulting.com/roland/Spectre/scripts/showlfmt]
[www.datasavantconsulting.com/roland/Spectre/scripts/showlfmts]
[www.datasavantconsulting.com/roland/Spectre/scripts/contentsl_win]
[www.datasavantconsulting.com/roland/Spectre/scripts/contents_win]
[www.datasavantconsulting.com/roland/Spectre/scripts/clash_win]
[www.datasavantconsulting.com/roland/Spectre/scripts/summary_win]
[www.datasavantconsulting.com/roland/Spectre/scripts/printall_win]
[www.datasavantconsulting.com/roland/Spectre/scripts/crindex_win]
[www.datasavantconsulting.com/roland/Spectre/scripts/crindex]
[www.datasavantconsulting.com/roland/Spectre/scripts/printall]
[www.datasavantconsulting.com/roland/Spectre/scripts/nobs_win]
[www.datasavantconsulting.com/roland/Spectre/scripts/nobs]
[www.datasavantconsulting.com/roland/Spectre/scripts/intnolis]
[www.datasavantconsulting.com/roland/Spectre/scripts/clash]
[www.datasavantconsulting.com/roland/Spectre/scripts/fsvdc]
[www.datasavantconsulting.com/roland/Spectre/scripts/fsvacct]
[www.datasavantconsulting.com/roland/Spectre/scripts/fsv]
[www.datasavantconsulting.com/roland/Spectre/scripts/summary]
[www.datasavantconsulting.com/roland/Spectre/scripts/contentsl]
[www.datasavantconsulting.com/roland/Spectre/scripts/contents]
[www.datasavantconsulting.com/roland/Spectre/scripts/cmprc]
[www.datasavantconsulting.com/roland/Spectre/scripts/ddiff]
[www.datasavantconsulting.com/roland/Spectre/scripts/wt]
[www.datasavantconsulting.com/roland/Spectre/scripts/whosgot]
[www.datasavantconsulting.com/roland/Spectre/scripts/vtitles]
[www.datasavantconsulting.com/roland/Spectre/scripts/vop]
[www.datasavantconsulting.com/roland/Spectre/scripts/usps2pdf]
[www.datasavantconsulting.com/roland/Spectre/scripts/usps]
[www.datasavantconsulting.com/roland/Spectre/scripts/uslsps]
[www.datasavantconsulting.com/roland/Spectre/scripts/toupper]
[www.datasavantconsulting.com/roland/Spectre/scripts/toclis]
[www.datasavantconsulting.com/roland/Spectre/scripts/titlesvsbkmarks]
[www.datasavantconsulting.com/roland/Spectre/scripts/timestamp]
[www.datasavantconsulting.com/roland/Spectre/scripts/suffix]
[www.datasavantconsulting.com/roland/Spectre/scripts/splitbiglst]
[www.datasavantconsulting.com/roland/Spectre/scripts/sortnpref]
[www.datasavantconsulting.com/roland/Spectre/scripts/sohdr]
[www.datasavantconsulting.com/roland/Spectre/scripts/slinks]
[www.datasavantconsulting.com/roland/Spectre/scripts/shdr]
[www.datasavantconsulting.com/roland/Spectre/scripts/sasunixskeleton]
[www.datasavantconsulting.com/roland/Spectre/scripts/runproblems]
[www.datasavantconsulting.com/roland/Spectre/scripts/ruler]
[www.datasavantconsulting.com/roland/Spectre/scripts/rescuedonelist]
[www.datasavantconsulting.com/roland/Spectre/scripts/rescue]
[www.datasavantconsulting.com/roland/Spectre/scripts/rem]
[www.datasavantconsulting.com/roland/Spectre/scripts/reflist2progs]
[www.datasavantconsulting.com/roland/Spectre/scripts/reflist2lis]
[www.datasavantconsulting.com/roland/Spectre/scripts/pstolp]
[www.datasavantconsulting.com/roland/Spectre/scripts/printpdfbookmarks]
[www.datasavantconsulting.com/roland/Spectre/scripts/pages]
[www.datasavantconsulting.com/roland/Spectre/scripts/owner]
[www.datasavantconsulting.com/roland/Spectre/scripts/orphans]
[www.datasavantconsulting.com/roland/Spectre/scripts/opsortkey]
[www.datasavantconsulting.com/roland/Spectre/scripts/oporder]
[www.datasavantconsulting.com/roland/Spectre/scripts/oplist]
[www.datasavantconsulting.com/roland/Spectre/scripts/numtest]
[www.datasavantconsulting.com/roland/Spectre/scripts/not664]
[www.datasavantconsulting.com/roland/Spectre/scripts/nofootline]
[www.datasavantconsulting.com/roland/Spectre/scripts/nofile]
[www.datasavantconsulting.com/roland/Spectre/scripts/newix]
[www.datasavantconsulting.com/roland/Spectre/scripts/myps]
[www.datasavantconsulting.com/roland/Spectre/scripts/myorphans]
[www.datasavantconsulting.com/roland/Spectre/scripts/myop]
[www.datasavantconsulting.com/roland/Spectre/scripts/mynewtitles]
[www.datasavantconsulting.com/roland/Spectre/scripts/mynewprogs]
[www.datasavantconsulting.com/roland/Spectre/scripts/mynewlis]
[www.datasavantconsulting.com/roland/Spectre/scripts/myfiles]
[www.datasavantconsulting.com/roland/Spectre/scripts/mydonefiles]
[www.datasavantconsulting.com/roland/Spectre/scripts/mybadtitlesprogs]
[www.datasavantconsulting.com/roland/Spectre/scripts/mybadprognames]
[www.datasavantconsulting.com/roland/Spectre/scripts/mybadinc]
[www.datasavantconsulting.com/roland/Spectre/scripts/mybaddrug]
[www.datasavantconsulting.com/roland/Spectre/scripts/multilinks]
[www.datasavantconsulting.com/roland/Spectre/scripts/macrocalls]
[www.datasavantconsulting.com/roland/Spectre/scripts/listempty]
[www.datasavantconsulting.com/roland/Spectre/scripts/lis2owner]
[www.datasavantconsulting.com/roland/Spectre/scripts/justhdr]
[www.datasavantconsulting.com/roland/Spectre/scripts/intnop]
[www.datasavantconsulting.com/roland/Spectre/scripts/idiff]
[www.datasavantconsulting.com/roland/Spectre/scripts/hexchars]
[www.datasavantconsulting.com/roland/Spectre/scripts/greplace]
[www.datasavantconsulting.com/roland/Spectre/scripts/grename]
[www.datasavantconsulting.com/roland/Spectre/scripts/getitles_sas]
[www.datasavantconsulting.com/roland/Spectre/scripts/getitles]
[www.datasavantconsulting.com/roland/Spectre/scripts/gethome]
[www.datasavantconsulting.com/roland/Spectre/scripts/fullrunsuite]
[www.datasavantconsulting.com/roland/Spectre/scripts/fsvraw]
[www.datasavantconsulting.com/roland/Spectre/scripts/filesize]
[www.datasavantconsulting.com/roland/Spectre/scripts/fext]
[www.datasavantconsulting.com/roland/Spectre/scripts/emailme]
[www.datasavantconsulting.com/roland/Spectre/scripts/emailaddr]
[www.datasavantconsulting.com/roland/Spectre/scripts/donesectchk]
[www.datasavantconsulting.com/roland/Spectre/scripts/donefiles]
[www.datasavantconsulting.com/roland/Spectre/scripts/digits2x]
[www.datasavantconsulting.com/roland/Spectre/scripts/derprogs]
[www.datasavantconsulting.com/roland/Spectre/scripts/derorder]
[www.datasavantconsulting.com/roland/Spectre/scripts/dashes]
[www.datasavantconsulting.com/roland/Spectre/scripts/compfl]
[www.datasavantconsulting.com/roland/Spectre/scripts/compdirs]
[www.datasavantconsulting.com/roland/Spectre/scripts/colonend]
[www.datasavantconsulting.com/roland/Spectre/scripts/catp]
[www.datasavantconsulting.com/roland/Spectre/scripts/bigps]
[www.datasavantconsulting.com/roland/Spectre/scripts/biglis]
[www.datasavantconsulting.com/roland/Spectre/scripts/badtitlesprogs]
[www.datasavantconsulting.com/roland/Spectre/scripts/badprognames]
[www.datasavantconsulting.com/roland/Spectre/scripts/badlines]
[www.datasavantconsulting.com/roland/Spectre/scripts/badinc]
[www.datasavantconsulting.com/roland/Spectre/scripts/baddrug]
[www.datasavantconsulting.com/roland/Spectre/scripts/badchars]
[www.datasavantconsulting.com/roland/Spectre/scripts/antigrep]
[www.datasavantconsulting.com/roland/Spectre/scripts/a4ps2pdf]
[www.datasavantconsulting.com/roland/Spectre/scripts/a4ps]
[www.datasavantconsulting.com/roland/Spectre/scripts/a4lsps]
[www.datasavantconsulting.com/roland/Spectre/scripts/pathscr]
[www.datasavantconsulting.com/roland/Spectre/updates2.html]
[www.datasavantconsulting.com/roland/Spectre/maclist2.html]
[www.datasavantconsulting.com/roland/Spectre/spectre.zip]
[www.datasavantconsulting.com/roland/Spectre/clinmacros.zip]
[www.datasavantconsulting.com/roland/Spectre/utilmacros.zip]
[www.datasavantconsulting.com/roland/Spectre/sysmacros.zip]
[www.datasavantconsulting.com/roland/Spectre/scripts.zip]
[www.datasavantconsulting.com/roland/Spectre/download.html]
[www.datasavantconsulting.com/roland/sastips.html]
[www.datasavantconsulting.com/roland/RGPP/rgpp.html]
[www.datasavantconsulting.com/roland/Spectre/aetab.html]
[www.datasavantconsulting.com/roland/minmacros.html]
[www.datasavantconsulting.com/roland/unix.html]
[www.datasavantconsulting.com/roland/unixtips.html]
[www.datasavantconsulting.com/roland/Spectre/bugs.html]
[www.datasavantconsulting.com/roland/index_files/navbar.html]
[www.statcounter.com/counter/counter.js]
[www.datasavantconsulting.com/roland/Spectre/scrlist2.html]
[www.datasavantconsulting.com/roland/Spectre/faq.html]
[www.datasavantconsulting.com/roland/Spectre/counter.html]
[www.datasavantconsulting.com/roland/Spectre/unistats.html]
[www.datasavantconsulting.com/roland/Spectre/npcttab.html]
[www.datasavantconsulting.com/roland/Spectre/learnunix.html]
[www.datasavantconsulting.com/roland/Spectre/scripts/index.html]
[www.datasavantconsulting.com/roland/Spectre/speedtips.html]
[www.datasavantconsulting.com/roland/Spectre/nutshell.html]
[www.datasavantconsulting.com/roland/Spectre/derived.html]
[www.datasavantconsulting.com/roland/Spectre/procflow.html]
[www.datasavantconsulting.com/roland/Spectre/batch.html]
[www.datasavantconsulting.com/roland/Spectre/titles.html]
[www.datasavantconsulting.com/roland/Spectre/openrep.html]
[www.datasavantconsulting.com/roland/Spectre/popfmt.html]
[www.datasavantconsulting.com/roland/Spectre/mkdsets.html]
[www.datasavantconsulting.com/roland/Spectre/freqsept.html]
[www.datasavantconsulting.com/roland/Spectre/uniwithby.html]
[www.datasavantconsulting.com/roland/Spectre/unilab1.html]
[www.datasavantconsulting.com/roland/Spectre/unilab2.html]
[www.datasavantconsulting.com/roland/Spectre/unilab3.html]
[www.datasavantconsulting.com/roland/Spectre/unilab4.html]
[www.datasavantconsulting.com/roland/Spectre/labmacros/qccatd.sas]
[www.datasavantconsulting.com/roland/Spectre/labmacros/qccatmrr.sas]
[www.datasavantconsulting.com/roland/Spectre/labmacros/qccatrrm.sas]
[www.datasavantconsulting.com/roland/Spectre/labmacros/qccatrrmbe.sas]
[www.datasavantconsulting.com/roland/Spectre/labmacros/qccatrrms.sas]
[www.datasavantconsulting.com/roland/Spectre/labmacros/qcdstat.sas]
[www.datasavantconsulting.com/roland/Spectre/labmacros/qcdstatbe.sas]
[www.datasavantconsulting.com/roland/Spectre/labmacros/qcdstatstr.sas]
[www.datasavantconsulting.com/roland/Spectre/labmacros/qcmean.sas]
[www.datasavantconsulting.com/roland/Spectre/labmacros/qcmedian.sas]
[www.datasavantconsulting.com/roland/Spectre/labmacros/qcpcsaf.sas]
[www.datasavantconsulting.com/roland/Spectre/labmacros/qcpcsafp.sas]
[www.datasavantconsulting.com/roland/Spectre/labmacros/qcrrcat.sas]
[www.datasavantconsulting.com/roland/Spectre/labmacros/qcworst.sas]
[www.datasavantconsulting.com/roland/Spectre/labmacros/xcatrrmbe.sas]
[www.datasavantconsulting.com/roland/Spectre/labmacros.html]
[www.datasavantconsulting.com/roland/Spectre/labmacros/xpcsaf.sas]
[www.datasavantconsulting.com/roland/Spectre/trt_emerg.html]
[www.datasavantconsulting.com/roland/Spectre/temp_trt.html]
[www.datasavantconsulting.com/roland/Spectre/tenfoot.html]
[www.datasavantconsulting.com/roland/Spectre/winusers.html]
[www.datasavantconsulting.com/roland/Spectre/validate.html]
[www.datasavantconsulting.com/roland/Spectre/quiz1.html]
[www.datasavantconsulting.com/roland/Spectre/adhoc.html]
[www.datasavantconsulting.com/roland/Spectre/legacy.html]
[www.datasavantconsulting.com/roland/Spectre/printing.html]
[www.datasavantconsulting.com/roland/Spectre/power.html]
[www.datasavantconsulting.com/roland/Spectre/xytitles.html]
[www.datasavantconsulting.com/roland/Spectre/genstand.html]
[www.datasavantconsulting.com/roland/Spectre/repmacros.html]
[www.datasavantconsulting.com/roland/Spectre/admin.html]
[www.datasavantconsulting.com/roland/Spectre/scrindex.html]
[www.datasavantconsulting.com/roland/Spectre/utilmacros/nodata.sas]
[www.datasavantconsulting.com/roland/Spectre/macindex.html]
[www.datasavantconsulting.com/roland/Spectre/atwork.html]
[www.datasavantconsulting.com/roland/Spectre/t2event.html]
[www.datasavantconsulting.com/roland/Spectre/dosemerge.html]
[www.datasavantconsulting.com/roland/Spectre/locf.html]
[www.datasavantconsulting.com/roland/Spectre/sastech.html]
[www.datasavantconsulting.com/roland/Spectre/install.html]
[www.datasavantconsulting.com/roland/Spectre/installw.html]
[www.datasavantconsulting.com/roland/Spectre/keycomp.html]
[www.datasavantconsulting.com/roland/Spectre/amending.html]
[www.datasavantconsulting.com/roland/Spectre/contact.html]
[www.datasavantconsulting.com/roland/Spectre/collisions.html]
[www.datasavantconsulting.com/roland/Spectre/scripts/sasu.html]
[www.datasavantconsulting.com/roland/Spectre/updates.html]
[www.datasavantconsulting.com/roland/Spectre/conditions.html]
[www.datasavantconsulting.com/roland/Spectre/maclist.html]
[www.datasavantconsulting.com/roland/Spectre/sasscr.html]
[www.datasavantconsulting.com/roland/Spectre/index_ae.html]
[www.datasavantconsulting.com/roland/Spectre/tuplets.html]
[www.datasavantconsulting.com/roland/Spectre/yilike.html]
[www.datasavantconsulting.com/roland/Spectre/terms.html]
[www.datasavantconsulting.com/roland/Spectre/scrlist.html]
[www.datasavantconsulting.com/roland/Spectre/unixcom.html]
[www.datasavantconsulting.com/roland/Spectre/scrutil.html]
[www.datasavantconsulting.com/roland/Spectre/scrprod.html]
[www.datasavantconsulting.com/roland/Spectre/download2.html]
[www.datasavantconsulting.com/roland/Spectre/unitest1.html]
[www.datasavantconsulting.com/roland/Spectre/bashscr.html]
[www.datasavantconsulting.com/roland/Spectre/testxxx.html]
[www.datasavantconsulting.com/roland/Spectre/unitest2.html]
[www.datasavantconsulting.com/roland/Spectre/nextrel.html]
[www.datasavantconsulting.com/roland/Spectre/clinvalid.html]
[www.datasavantconsulting.com/roland/CV.docx]
[www.datasavantconsulting.com/roland/Spectre/triptest.html]
[www.datasavantconsulting.com/roland/Spectre/validplan.html]
[www.datasavantconsulting.com/roland/Spectre/release.html]
[www.datasavantconsulting.com/roland/Spectre/infra.html]
[www.datasavantconsulting.com/roland/Spectre/cdiscrep.html]
[www.datasavantconsulting.com/roland/Spectre/alloc.html]
[www.datasavantconsulting.com/roland/Spectre/macdep.html]
[www.datasavantconsulting.com/roland/Spectre/linux.html]
[www.datasavantconsulting.com/roland/Spectre/gawk.html]
[www.datasavantconsulting.com/roland/Spectre/validres.html]
[www.datasavantconsulting.com/roland/Spectre/unispec.html]
[www.datasavantconsulting.com/roland/Spectre/scrdep.html]
[www.datasavantconsulting.com/roland/Spectre/npctspec.html]
[www.datasavantconsulting.com/roland/Spectre/lowlevtest.html]
[www.datasavantconsulting.com/roland/Spectre/utilmacros/mymacro1.html]
[www.datasavantconsulting.com/roland/varlen.sas]
[www.datasavantconsulting.com/roland/document.html]
[www.datasavantconsulting.com/roland/macrotips.html]
[www.datasavantconsulting.com/roland/speedtips.html]
[www.datasavantconsulting.com/roland/goodsas.html]
[www.datasavantconsulting.com/roland/bad_style.html]
[www.datasavantconsulting.com/roland/sas_macro_design.html]
[www.datasavantconsulting.com/roland/macro_visioning.html]
[www.datasavantconsulting.com/roland/words.sas]
[www.datasavantconsulting.com/roland/macvers.html]
[www.datasavantconsulting.com/roland/metasdtm.html]
[www.datasavantconsulting.com/roland/anonytips.html]
[www.datasavantconsulting.com/roland/MPConnect.html]
[www.datasavantconsulting.com/roland/sharerem.html]
[www.datasavantconsulting.com/roland/managemp.html]
[www.datasavantconsulting.com/roland/rsubmitter.html]
[www.datasavantconsulting.com/roland/lstattrib.html]
[www.datasavantconsulting.com/roland/free_lunch.html]
[www.datasavantconsulting.com/roland/compress_pooled.html]
[www.datasavantconsulting.com/roland/epochsdtm.html]
[www.datasavantconsulting.com/roland/progplan.html]
[www.datasavantconsulting.com/roland/bootstrap.html]
[www.datasavantconsulting.com/roland/locf.sas]
[www.datasavantconsulting.com/roland/testlocf.sas]
[www.datasavantconsulting.com/roland/locf.html]
[www.datasavantconsulting.com/roland/dosemerge.sas]
[www.datasavantconsulting.com/roland/dosemerge.html]
[www.datasavantconsulting.com/roland/flatten.sas]
[www.datasavantconsulting.com/roland/t2event.html]
[www.datasavantconsulting.com/roland/CV.doc]
[www.datasavantconsulting.com/roland/validated.html]
[www.datasavantconsulting.com/roland/supercharge.html]
[www.datasavantconsulting.com/roland/solidlines.html]
[www.datasavantconsulting.com/roland/intext_table_demo.doc]
[www.datasavantconsulting.com/roland/intext.html]
[www.datasavantconsulting.com/roland/intext_pvalues.doc]
[www.datasavantconsulting.com/roland/tab1.rtf]
[www.datasavantconsulting.com/roland/odstab.html]
[www.datasavantconsulting.com/roland/sas_colors.html]
[www.datasavantconsulting.com/roland/fancyprint.html]
[www.datasavantconsulting.com/roland/colwdthods.html]
[www.datasavantconsulting.com/roland/odsnull.html]
[www.datasavantconsulting.com/roland/sasfonts.html]
[www.datasavantconsulting.com/roland/odspdf1.jpg]
[www.datasavantconsulting.com/roland/odspdf2.jpg]
[www.datasavantconsulting.com/roland/odspdf3.jpg]
[www.datasavantconsulting.com/roland/odspdf4.jpg]
[www.datasavantconsulting.com/roland/odspdf5a.jpg]
[www.datasavantconsulting.com/roland/odspdf5b.jpg]
[www.datasavantconsulting.com/roland/odspdf6.jpg]
[www.datasavantconsulting.com/roland/odspdf.html]
[www.datasavantconsulting.com/roland/warndset.html]
[www.datasavantconsulting.com/roland/pdf_bkmrk.html]
[www.datasavantconsulting.com/roland/SQL_shorter.html]
[www.datasavantconsulting.com/roland/sql_use.html]
[www.datasavantconsulting.com/roland/sql_excl.html]
[www.datasavantconsulting.com/roland/select_count.html]
[www.datasavantconsulting.com/roland/sql_varnames.html]
[www.datasavantconsulting.com/roland/natjoin.html]
[www.datasavantconsulting.com/roland/dslabel.html]
[www.datasavantconsulting.com/roland/hashobj.html]
[www.datasavantconsulting.com/roland/v6tov8mig.html]
[www.datasavantconsulting.com/roland/oraclesys.html]
[www.datasavantconsulting.com/roland/char2num.html]
[www.datasavantconsulting.com/roland/duplvars.sas]
[www.datasavantconsulting.com/roland/errors.html]
[www.datasavantconsulting.com/roland/saslong.html]
[www.datasavantconsulting.com/roland/call_exec.html]
[www.datasavantconsulting.com/roland/commsas.html]
[www.datasavantconsulting.com/roland/round.sas]
[www.datasavantconsulting.com/roland/equals.sas]
[www.datasavantconsulting.com/roland/floating.html]
[www.datasavantconsulting.com/roland/zeromiss.html]
[www.datasavantconsulting.com/roland/mvarsqote.html]
[www.datasavantconsulting.com/roland/mquoting.html]
[www.datasavantconsulting.com/roland/mvarlen.html]
[www.datasavantconsulting.com/roland/formats.html]
[www.datasavantconsulting.com/roland/age.sas]
[www.datasavantconsulting.com/roland/boolean.html]
[www.datasavantconsulting.com/roland/modte.sas]
[www.datasavantconsulting.com/roland/crdte.sas]
[www.datasavantconsulting.com/roland/deldsets.html]
[www.datasavantconsulting.com/roland/globlist.sas]
[www.datasavantconsulting.com/roland/globexist.sas]
[www.datasavantconsulting.com/roland/globvars.html]
[www.datasavantconsulting.com/roland/attrn.sas]
[www.datasavantconsulting.com/roland/macroread.html]
[www.datasavantconsulting.com/roland/qquote.html]
[www.datasavantconsulting.com/roland/qtext.html]
[www.datasavantconsulting.com/roland/clength.sas]
[www.datasavantconsulting.com/roland/optlength.sas]
[www.datasavantconsulting.com/roland/chompw.sas]
[www.datasavantconsulting.com/roland/charlen.html]
[www.datasavantconsulting.com/roland/nodup.html]
[www.datasavantconsulting.com/roland/bulksas.html]
[www.datasavantconsulting.com/roland/annoscale.html]
[www.datasavantconsulting.com/roland/symdel.html]
[www.datasavantconsulting.com/roland/symput_all.html]
[www.datasavantconsulting.com/roland/hacking.html]
[www.datasavantconsulting.com/roland/sasplus.html]
[www.datasavantconsulting.com/roland/complibs.html]
[www.datasavantconsulting.com/roland/nomprint.html]
[www.datasavantconsulting.com/roland/mlformats.html]
[www.datasavantconsulting.com/roland/condline.html]
[www.datasavantconsulting.com/roland/casestrvar.sas]
[www.datasavantconsulting.com/roland/bytitle.sas]
[www.datasavantconsulting.com/roland/titlelen.sas]
[www.datasavantconsulting.com/roland/titlegen.sas]
[www.datasavantconsulting.com/roland/datanull1.txt]
[www.datasavantconsulting.com/roland/datanull.html]
[www.datasavantconsulting.com/roland/datanull2.txt]
[www.datasavantconsulting.com/roland/fullmonty.sas]
[www.datasavantconsulting.com/roland/stacking.html]
[www.datasavantconsulting.com/roland/nulltech.html]
[www.datasavantconsulting.com/roland/lafootnote.sas]
[www.datasavantconsulting.com/roland/latitle.sas]
[www.datasavantconsulting.com/roland/lcralign.sas]
[www.datasavantconsulting.com/roland/lrafootnote.sas]
[www.datasavantconsulting.com/roland/lratitle.sas]
[www.datasavantconsulting.com/roland/rafootnote.sas]
[www.datasavantconsulting.com/roland/ratitle.sas]
[www.datasavantconsulting.com/roland/leftalign.html]
[www.datasavantconsulting.com/roland/putall.html]
[www.datasavantconsulting.com/roland/counter.html]
[www.datasavantconsulting.com/roland/index-2.html]
[www.datasavantconsulting.com/roland/Spectre/Spectre.html]
[www.datasavantconsulting.com/roland/unixstart.html]
[www.datasavantconsulting.com/roland/cygwin.html]
[www.datasavantconsulting.com/roland/piping.html]
[www.datasavantconsulting.com/roland/getname.html]
[www.datasavantconsulting.com/roland/whosgot.html]
[www.datasavantconsulting.com/roland/fsv.html]
[www.datasavantconsulting.com/roland/listempty.html]
[www.datasavantconsulting.com/roland/scanlogs.html]
[www.datasavantconsulting.com/roland/rescue.html]
[www.datasavantconsulting.com/roland/antigrep.html]
[www.datasavantconsulting.com/roland/pages.html]
[www.datasavantconsulting.com/roland/pagexofy.sas]
[www.datasavantconsulting.com/roland/pagexofy.html]
[www.datasavantconsulting.com/roland/delsome.html]
[www.datasavantconsulting.com/roland/delall.html]
[www.datasavantconsulting.com/roland/dirtidy.html]
[www.datasavantconsulting.com/roland/killjobs.html]
[www.datasavantconsulting.com/roland/sed&awk.html]
[www.datasavantconsulting.com/roland/ddiff.html]
[www.datasavantconsulting.com/roland/hdr.html]
[www.datasavantconsulting.com/roland/xargs.html]
[www.datasavantconsulting.com/roland/basename.html]
[www.datasavantconsulting.com/roland/skeleton.html]
[www.datasavantconsulting.com/roland/contents.html]
[www.datasavantconsulting.com/roland/contentsl.html]
[www.datasavantconsulting.com/roland/clash.html]
[www.datasavantconsulting.com/roland/printalln.html]
[www.datasavantconsulting.com/roland/printallc.html]
[www.datasavantconsulting.com/roland/allmiss.html]
[www.datasavantconsulting.com/roland/misscnt.html]
[www.datasavantconsulting.com/roland/titleprogs.html]
[www.datasavantconsulting.com/roland/intitlesnoprogs.html]
[www.datasavantconsulting.com/roland/intitles.html]
[www.datasavantconsulting.com/roland/fileperm.html]
[www.datasavantconsulting.com/roland/tr.html]
[www.datasavantconsulting.com/roland/symblinks.html]
[www.datasavantconsulting.com/roland/makefiles.html]
[www.datasavantconsulting.com/roland/http.html]
[www.datasavantconsulting.com/roland/statcounter.com/localstorage/index.html]
[www.datasavantconsulting.com/roland/Spectre/macros/crtitlesds.html]
[www.datasavantconsulting.com/roland/Spectre/macros/crprotds.html]
[www.datasavantconsulting.com/roland/Spectre/clinmacros/unistats.html]
[www.datasavantconsulting.com/roland/Spectre/clinmacros/npcttab.html]
[www.datasavantconsulting.com/roland/Spectre/macros/autoexec.html]
[www.datasavantconsulting.com/roland/Spectre/macros/allocr.html]
[www.datasavantconsulting.com/roland/Spectre/macros/allocw.html]
[www.datasavantconsulting.com/roland/Spectre/macros/openrep.html]
[www.datasavantconsulting.com/roland/Spectre/scripts/util.html]
[www.datasavantconsulting.com/roland/Spectre/scripts/prod.html]
[www.datasavantconsulting.com/roland/Spectre/scripts/counter.html]
[www.datasavantconsulting.com/roland/Spectre/macros/latitle.html]
[www.datasavantconsulting.com/roland/Spectre/macros/ctitlepgmrk.html]
[www.datasavantconsulting.com/roland/maclist2.html]
[www.datasavantconsulting.com/roland/Spectre/scripts/sc.html]
[www.datasavantconsulting.com/roland/macros.zip]
[www.datasavantconsulting.com/roland/testattrc.sas]
[www.datasavantconsulting.com/roland/attrc.sas]
[www.datasavantconsulting.com/roland/testattrn.sas]
[www.datasavantconsulting.com/roland/testattrv.sas]
[www.datasavantconsulting.com/roland/attrv.sas]
[www.datasavantconsulting.com/roland/testcrdte.sas]
[www.datasavantconsulting.com/roland/testdslabel.sas]
[www.datasavantconsulting.com/roland/dslabel.sas]
[www.datasavantconsulting.com/roland/testdsall.sas]
[www.datasavantconsulting.com/roland/dsall.sas]
[www.datasavantconsulting.com/roland/testdslist.sas]
[www.datasavantconsulting.com/roland/dslist.sas]
[www.datasavantconsulting.com/roland/testgetvalue.sas]
[www.datasavantconsulting.com/roland/getvalue.sas]
[www.datasavantconsulting.com/roland/testhasvars.sas]
[www.datasavantconsulting.com/roland/hasvars.sas]
[www.datasavantconsulting.com/roland/testhasvarsc.sas]
[www.datasavantconsulting.com/roland/hasvarsc.sas]
[www.datasavantconsulting.com/roland/testhasvarsn.sas]
[www.datasavantconsulting.com/roland/hasvarsn.sas]
[www.datasavantconsulting.com/roland/testmodte.sas]
[www.datasavantconsulting.com/roland/testnlobs.sas]
[www.datasavantconsulting.com/roland/nlobs.sas]
[www.datasavantconsulting.com/roland/testnobs.sas]
[www.datasavantconsulting.com/roland/nobs.sas]
[www.datasavantconsulting.com/roland/testnvars.sas]
[www.datasavantconsulting.com/roland/nvars.sas]
[www.datasavantconsulting.com/roland/testnvarsc.sas]
[www.datasavantconsulting.com/roland/nvarsc.sas]
[www.datasavantconsulting.com/roland/testnvarsn.sas]
[www.datasavantconsulting.com/roland/nvarsn.sas]
[www.datasavantconsulting.com/roland/putvars.sas]
[www.datasavantconsulting.com/roland/sortedby.sas]
[www.datasavantconsulting.com/roland/testvarfmt.sas]
[www.datasavantconsulting.com/roland/varfmt.sas]
[www.datasavantconsulting.com/roland/testvarinfmt.sas]
[www.datasavantconsulting.com/roland/varinfmt.sas]
[www.datasavantconsulting.com/roland/testvarlabel.sas]
[www.datasavantconsulting.com/roland/varlabel.sas]
[www.datasavantconsulting.com/roland/testvarlen.sas]
[www.datasavantconsulting.com/roland/testvarlist.sas]
[www.datasavantconsulting.com/roland/varlist.sas]
[www.datasavantconsulting.com/roland/testvarlistc.sas]
[www.datasavantconsulting.com/roland/varlistc.sas]
[www.datasavantconsulting.com/roland/testvarlistn.sas]
[www.datasavantconsulting.com/roland/varlistn.sas]
[www.datasavantconsulting.com/roland/testvarnum.sas]
[www.datasavantconsulting.com/roland/varnum.sas]
[www.datasavantconsulting.com/roland/testvartype.sas]
[www.datasavantconsulting.com/roland/vartype.sas]
[www.datasavantconsulting.com/roland/testaddautos.sas]
[www.datasavantconsulting.com/roland/addautos.sas]
[www.datasavantconsulting.com/roland/testafter.sas]
[www.datasavantconsulting.com/roland/after.sas]
[www.datasavantconsulting.com/roland/capmac.sas]
[www.datasavantconsulting.com/roland/testcasestrmac.sas]
[www.datasavantconsulting.com/roland/casestrmac.sas]
[www.datasavantconsulting.com/roland/testchompw.sas]
[www.datasavantconsulting.com/roland/testcompress.sas]
[www.datasavantconsulting.com/roland/compress.sas]
[www.datasavantconsulting.com/roland/testcommas.sas]
[www.datasavantconsulting.com/roland/commas.sas]
[www.datasavantconsulting.com/roland/testendwith.sas]
[www.datasavantconsulting.com/roland/endwith.sas]
[www.datasavantconsulting.com/roland/testeqsuff.sas]
[www.datasavantconsulting.com/roland/eqsuff.sas]
[www.datasavantconsulting.com/roland/fmtpath.sas]
[www.datasavantconsulting.com/roland/testglobexist.sas]
[www.datasavantconsulting.com/roland/testgloblist.sas]
[www.datasavantconsulting.com/roland/testleft.sas]
[www.datasavantconsulting.com/roland/left.sas]
[www.datasavantconsulting.com/roland/testlowcase.sas]
[www.datasavantconsulting.com/roland/lowcase.sas]
[www.datasavantconsulting.com/roland/testmatch.sas]
[www.datasavantconsulting.com/roland/match.sas]
[www.datasavantconsulting.com/roland/testnodup.sas]
[www.datasavantconsulting.com/roland/nodup.sas]
[www.datasavantconsulting.com/roland/testnoquotes.sas]
[www.datasavantconsulting.com/roland/noquotes.sas]
[www.datasavantconsulting.com/roland/testqcompress.sas]
[www.datasavantconsulting.com/roland/testqleft.sas]
[www.datasavantconsulting.com/roland/qleft.sas]
[www.datasavantconsulting.com/roland/testqtrim.sas]
[www.datasavantconsulting.com/roland/qtrim.sas]
[www.datasavantconsulting.com/roland/testquotelst.sas]
[www.datasavantconsulting.com/roland/quotelst.sas]
[www.datasavantconsulting.com/roland/testquotecnt.sas]
[www.datasavantconsulting.com/roland/quotecnt.sas]
[www.datasavantconsulting.com/roland/testquotescan.sas]
[www.datasavantconsulting.com/roland/quotescan.sas]
[www.datasavantconsulting.com/roland/testreadfile.sas]
[www.datasavantconsulting.com/roland/readfile.sas]
[www.datasavantconsulting.com/roland/testreadpipe.sas]
[www.datasavantconsulting.com/roland/readpipe.sas]
[www.datasavantconsulting.com/roland/testremove.sas]
[www.datasavantconsulting.com/roland/remove.sas]
[www.datasavantconsulting.com/roland/testrxmatch.sas]
[www.datasavantconsulting.com/roland/rxmatch.sas]
[www.datasavantconsulting.com/roland/testsplitmac.sas]
[www.datasavantconsulting.com/roland/splitmac.sas]
[www.datasavantconsulting.com/roland/substrw.sas]
[www.datasavantconsulting.com/roland/testtherest.sas]
[www.datasavantconsulting.com/roland/therest.sas]
[www.datasavantconsulting.com/roland/testtrim.sas]
[www.datasavantconsulting.com/roland/trim.sas]
[www.datasavantconsulting.com/roland/unimap.sas]
[www.datasavantconsulting.com/roland/testverify.sas]
[www.datasavantconsulting.com/roland/verify.sas]
[www.datasavantconsulting.com/roland/testverifyb.sas]
[www.datasavantconsulting.com/roland/verifyb.sas]
[www.datasavantconsulting.com/roland/testwindex.sas]
[www.datasavantconsulting.com/roland/windex.sas]
[www.datasavantconsulting.com/roland/testwords.sas]
[www.datasavantconsulting.com/roland/testage.sas]
[www.datasavantconsulting.com/roland/testaligndp.sas]
[www.datasavantconsulting.com/roland/aligndp.sas]
[www.datasavantconsulting.com/roland/allfmtvals.sas]
[www.datasavantconsulting.com/roland/testalluniq.sas]
[www.datasavantconsulting.com/roland/alluniq.sas]
[www.datasavantconsulting.com/roland/asciinonp.sas]
[www.datasavantconsulting.com/roland/testbydrop.sas]
[www.datasavantconsulting.com/roland/bydrop.sas]
[www.datasavantconsulting.com/roland/testbytitle.sas]
[www.datasavantconsulting.com/roland/capvar.sas]
[www.datasavantconsulting.com/roland/testcasestrvar.sas]
[www.datasavantconsulting.com/roland/testchar2num.sas]
[www.datasavantconsulting.com/roland/char2num.sas]
[www.datasavantconsulting.com/roland/testchkuniq.sas]
[www.datasavantconsulting.com/roland/chkuniq.sas]
[www.datasavantconsulting.com/roland/testclashvars.sas]
[www.datasavantconsulting.com/roland/clashvars.sas]
[www.datasavantconsulting.com/roland/testclength.sas]
[www.datasavantconsulting.com/roland/testcomplibs.sas]
[www.datasavantconsulting.com/roland/complibs.sas]
[www.datasavantconsulting.com/roland/testdelhex.sas]
[www.datasavantconsulting.com/roland/delhex.sas]
[www.datasavantconsulting.com/roland/delzero.sas]
[www.datasavantconsulting.com/roland/testdoallitem.sas]
[www.datasavantconsulting.com/roland/doallitem.sas]
[www.datasavantconsulting.com/roland/testdropvars.sas]
[www.datasavantconsulting.com/roland/dropvars.sas]
[www.datasavantconsulting.com/roland/testdsattrib.sas]
[www.datasavantconsulting.com/roland/dsattrib.sas]
[www.datasavantconsulting.com/roland/testdtscale.sas]
[www.datasavantconsulting.com/roland/dtscale.sas]
[www.datasavantconsulting.com/roland/testduplvars.sas]
[www.datasavantconsulting.com/roland/testequals.sas]
[www.datasavantconsulting.com/roland/testfixvars.sas]
[www.datasavantconsulting.com/roland/fixvars.sas]
[www.datasavantconsulting.com/roland/testflatten.sas]
[www.datasavantconsulting.com/roland/fmtord.sas]
[www.datasavantconsulting.com/roland/testfmts2fda.sas]
[www.datasavantconsulting.com/roland/fmts2fda.sas]
[www.datasavantconsulting.com/roland/testhexchars.sas]
[www.datasavantconsulting.com/roland/hexchars.sas]
[www.datasavantconsulting.com/roland/hexcnt.sas]
[www.datasavantconsulting.com/roland/testjobinfo.sas]
[www.datasavantconsulting.com/roland/jobinfo.sas]
[www.datasavantconsulting.com/roland/testlafootnote.sas]
[www.datasavantconsulting.com/roland/testlatitle.sas]
[www.datasavantconsulting.com/roland/testlrafootnote.sas]
[www.datasavantconsulting.com/roland/testlratitle.sas]
[www.datasavantconsulting.com/roland/testljustify.sas]
[www.datasavantconsulting.com/roland/ljustify.sas]
[www.datasavantconsulting.com/roland/testlookahead.sas]
[www.datasavantconsulting.com/roland/lookahead.sas]
[www.datasavantconsulting.com/roland/testltgtm1.sas]
[www.datasavantconsulting.com/roland/ltgtm1.sas]
[www.datasavantconsulting.com/roland/testmaxtitle.sas]
[www.datasavantconsulting.com/roland/maxtitle.sas]
[www.datasavantconsulting.com/roland/testmisscnt.sas]
[www.datasavantconsulting.com/roland/misscnt.sas]
[www.datasavantconsulting.com/roland/testmissvars.sas]
[www.datasavantconsulting.com/roland/missvars.sas]
[www.datasavantconsulting.com/roland/testmkformat.sas]
[www.datasavantconsulting.com/roland/mkformat.sas]
[www.datasavantconsulting.com/roland/testnodata.sas]
[www.datasavantconsulting.com/roland/nodata.sas]
[www.datasavantconsulting.com/roland/testnodupkey.sas]
[www.datasavantconsulting.com/roland/nodupkey.sas]
[www.datasavantconsulting.com/roland/testnumchars.sas]
[www.datasavantconsulting.com/roland/numchars.sas]
[www.datasavantconsulting.com/roland/testoptlength.sas]
[www.datasavantconsulting.com/roland/testpagexofy.sas]
[www.datasavantconsulting.com/roland/testprintall.sas]
[www.datasavantconsulting.com/roland/printall.sas]
[www.datasavantconsulting.com/roland/testrafootnote.sas]
[www.datasavantconsulting.com/roland/testratitle.sas]
[www.datasavantconsulting.com/roland/testreplhex.sas]
[www.datasavantconsulting.com/roland/replhex.sas]
[www.datasavantconsulting.com/roland/testround.sas]
[www.datasavantconsulting.com/roland/testsasindex.sas]
[www.datasavantconsulting.com/roland/showhex.sas]
[www.datasavantconsulting.com/roland/testsplitvar.sas]
[www.datasavantconsulting.com/roland/splitvar.sas]
[www.datasavantconsulting.com/roland/testsubspace.sas]
[www.datasavantconsulting.com/roland/subspace.sas]
[www.datasavantconsulting.com/roland/testsupasort.sas]
[www.datasavantconsulting.com/roland/supasort.sas]
[www.datasavantconsulting.com/roland/testtitlelen.sas]
[www.datasavantconsulting.com/roland/testvaxis.sas]
[www.datasavantconsulting.com/roland/vaxis.sas]
[www.datasavantconsulting.com/roland/testyrcutoff.sas]
[www.datasavantconsulting.com/roland/yrcutoff.sas]
[www.datasavantconsulting.com/roland/testzerogrid.sas]
[www.datasavantconsulting.com/roland/zerogrid.sas]
[www.datasavantconsulting.com/roland/sasautos.html]
[www.datasavantconsulting.com/roland/contact.html]
[www.datasavantconsulting.com/roland/Spectre/utilmacros/rqeadpipe.html]
[www.datasavantconsulting.com/roland/Spectre/macros/titles.html]
[www.datasavantconsulting.com/roland/Spectre/macros/flatten.html]
[www.datasavantconsulting.com/roland/Spectre/macros/dosemerge.html]
[www.datasavantconsulting.com/roland/Spectre/macros/locf.html]
[www.datasavantconsulting.com/roland/Spectre/utilmacros/readpipe.html]
[www.datasavantconsulting.com/roland/Spectre/macros.html]
[www.datasavantconsulting.com/roland/Spectre/macros/@index.html]
[www.datasavantconsulting.com/roland/Spectre/scripts/@index.html]
[www.datasavantconsulting.com/roland/Spectre/macros/maclist2.html]
[www.datasavantconsulting.com/roland/Spectre/macros/testhdr.html]
[www.datasavantconsulting.com/roland/Spectre/macros/remove.html]
[www.datasavantconsulting.com/roland/Spectre/macros/allfmtvals.html]
[www.datasavantconsulting.com/roland/Spectre/macros/attrn.html]
[www.datasavantconsulting.com/roland/Spectre/macros/attrv.html]
[www.datasavantconsulting.com/roland/Spectre/macros/commas.html]
[www.datasavantconsulting.com/roland/Spectre/macros/quotelst.html]
[www.datasavantconsulting.com/roland/Spectre/macros/fmtord.html]
[www.datasavantconsulting.com/roland/Spectre/macros/fmtpath.html]
[www.datasavantconsulting.com/roland/Spectre/macros/unimap.html]
[www.datasavantconsulting.com/roland/Spectre/macros/varfmt.html]
[www.datasavantconsulting.com/roland/Spectre/macros/varlen.html]
[www.datasavantconsulting.com/roland/Spectre/macros/vartype.html]
[www.datasavantconsulting.com/roland/Spectre/macros/varnum.html]
[www.datasavantconsulting.com/roland/Spectre/macros/verifyb.html]
[www.datasavantconsulting.com/roland/Spectre/macros/windex.html]
[www.datasavantconsulting.com/roland/Spectre/macros/words.html]
[www.datasavantconsulting.com/roland/Spectre/macros/zerogrid.html]
[www.datasavantconsulting.com/roland/tab1.html]
[www.datasavantconsulting.com/roland/sasunix.html]
[www.datasavantconsulting.com/roland/summary.html]
[www.datasavantconsulting.com/roland/here.html]
[www.datasavantconsulting.com/roland/Spectre/scripts/nonzgrep.html]
[www.datasavantconsulting.com/roland/Spectre/scripts/crindex_cygwin.html]
[www.datasavantconsulting.com/roland/Spectre/scripts/contents_cygwin.html]
[www.datasavantconsulting.com/roland/Spectre/scripts/contentsl_cygwin.html]
[www.datasavantconsulting.com/roland/Spectre/scripts/summary_cygwin.html]
[www.datasavantconsulting.com/roland/testputvars.html]
[www.datasavantconsulting.com/roland/testsortedby.html]
[www.datasavantconsulting.com/roland/testcapmac.html]
[www.datasavantconsulting.com/roland/testfmtpath.html]
[www.datasavantconsulting.com/roland/qcompress.html]
[www.datasavantconsulting.com/roland/testsubstrw.html]
[www.datasavantconsulting.com/roland/testunimap.html]
[www.datasavantconsulting.com/roland/testallfmtvals.html]
[www.datasavantconsulting.com/roland/testasciinop.html]
[www.datasavantconsulting.com/roland/testcapvar.html]
[www.datasavantconsulting.com/roland/testdelzero.html]
[www.datasavantconsulting.com/roland/testfmtord.html]
[www.datasavantconsulting.com/roland/testhexcnt.html]
[www.datasavantconsulting.com/roland/sasindex.html]
[www.datasavantconsulting.com/roland/testshowhex.html]
